--- Khởi động server: Cập nhật dữ liệu và nạp cache lần đầu ---
[DATA UPDATE] Bắt đầu lấy dữ liệu từ GitHub: https://raw.githubusercontent.com/khiemdoan/vietnam-lottery-xsmb-analysis/refs/heads/main/data/xsmb-2-digits.json...
[DATA UPDATE] Đã cập nhật file /Users/chungtv/Desktop/lottery-stats/data/xsmb-2-digits.json thành công.
[CACHE] Xóa cache thống kê...
[CACHE] Đã xóa cache thống kê cũ.
Đã xử lý và chuẩn hóa 7363 kết quả hợp lệ.
Bắt đầu tính toán thống kê cho các dạng số...
Tính toán thống kê Đầu Đít Đồng Tiến (10 bộ)...
Bắt đầu tính toán thống kê cho Đầu và Đít...
Bắt đầu tính toán thống kê cho Tổng và Hiệu...
✅ Đã lưu kết quả thống kê số vào: /Users/chungtv/Desktop/lottery-stats/data/statistics/number_stats.json
✅ Đã lưu kết quả thống kê Đầu-Đít vào: /Users/chungtv/Desktop/lottery-stats/data/statistics/head_tail_stats.json
✅ Đã lưu kết quả thống kê Tổng-Hiệu vào: /Users/chungtv/Desktop/lottery-stats/data/statistics/sum_difference_stats.json
Tất cả các file thống kê đã được tạo lại thành công!
[CACHE] Cache trống, đang đọc dữ liệu thống kê từ file...
[CACHE] Đã nạp thành công dữ liệu statistic mới vào cache.
[CACHE] Đã nạp lại cache thống kê.
[LotteryService] Đang tải dữ liệu thô và thống kê vào cache...
[LotteryService] Đã tải thành công 7363 bản ghi kết quả.
[LotteryService] Đã tải thành công number_stats.json.
[LotteryService] Đã tải thành công head_tail_stats.json.
[LotteryService] Đã tải thành công sum_difference_stats.json.
[ScoringService] Bắt đầu quy trình tính toán và nạp cache điểm...
✅ [ScoringService] Dữ liệu điểm cho 62 ngày trong năm 2026 đã được nạp.
[Daily Analysis] === BẮT ĐẦU ĐỐI CHIẾU LỊCH SỬ ===
[Daily Analysis] Kết quả mới nhất trong CSDL: 2026-03-08, số về: 36
[Daily Analysis] Không tìm thấy dự đoán nào cần cập nhật cho ngày 2026-03-08.
[Daily Analysis] === KẾT THÚC ĐỐI CHIẾU ===
[Daily Analysis] === BẮT ĐẦU PHÂN TÍCH CHO NGÀY TIẾP THEO ===
[Daily Analysis] Dự đoán cho ngày 2026-03-09 đã tồn tại. Sẽ ghi đè.
[Daily Analysis] Đang lấy dữ liệu từ suggestionsController (đồng bộ Distribution)...
[CACHE] Sử dụng dữ liệu statistic từ cache.
[SUGGESTIONS] Chỉ sử dụng RED và PURPLE tier. Tổng: 137 số.
[SUGGESTIONS] Loại trừ tổng cộng 89 số (red, purple)
[Daily Analysis] Exclusion (4 subTier): 11 số đánh, 89 loại trừ
[Daily Analysis] Đang tạo dự đoán theo phương pháp Unified...
[Unified Prediction] Generating prediction for 09/03/2026...
[CACHE] Sử dụng dữ liệu statistic từ cache.
[CACHE] Sử dụng dữ liệu statistic từ cache.
[Daily Analysis] Unified: 25 số đánh, 75 số loại trừ
[Daily Analysis] Đang tạo dự đoán theo phương pháp Advanced (13 methods)...
[Advanced Analysis] Generating prediction from 13 methods...
[Advanced Analysis] Generated: 25 predictions, 75 exclusions
[Daily Analysis] Advanced: 25 số đánh, 75 số loại trừ
[Daily Analysis] Đang tạo dự đoán theo phương pháp Hybrid AI...
[Markov] Built transition matrix for 100 states
[Pattern] Built 5228 sequence patterns
[Hybrid AI] Initialized with 7363 records
[Hybrid AI] Running Markov Chain...
[Hybrid AI] Running Monte Carlo Simulation...
[Hybrid AI] Running Time Series Analysis...
[Hybrid AI] Running Pattern Recognition...
[Hybrid AI] Generated 25 predictions, 75 exclusions
[Daily Analysis] Hybrid AI: 25 số đánh, 75 số loại trừ
[Daily Analysis] Đang tạo dự đoán theo phương pháp Streak Continuation...
[CACHE] Sử dụng dữ liệu statistic từ cache.
[Streak Continuation] Tìm được 30 số đánh từ 56 chuỗi đang diễn ra (tổng 100 số có thể tiếp tục)
[Daily Analysis] Streak Continuation: 30 số đánh từ 56 chuỗi
[Daily Analysis] Đang tạo dự đoán theo phương pháp Combined (tổng hợp 5 phương pháp)...
[Daily Analysis] Combined: 30 số đánh (unique), 70 số loại trừ
[Daily Analysis] Đang tạo dự đoán theo phương pháp Exclusion Plus...
[Daily Analysis] Exclusion Plus (3 subTier, không có threshold/cam): 52 số đánh, 48 loại trừ
[Daily Analysis] Đã lưu dự đoán cho ngày 2026-03-09.
[Daily Analysis] === KẾT THÚC PHÂN TÍCH ===
[SCORING] Đã tính toán và nạp lại cache điểm.
✅ Tác vụ cập nhật dữ liệu hàng ngày đã được lên lịch.
✅ Server đang chạy trên http://localhost:6868
[LotteryService] Đang tải dữ liệu thô và thống kê vào cache...
[CACHE] Sử dụng dữ liệu statistic từ cache.
[LotteryService] Đã tải thành công 7363 bản ghi kết quả.
[LotteryService] Đã tải thành công number_stats.json.
[LotteryService] Đã tải thành công head_tail_stats.json.
[LotteryService] Đã tải thành công sum_difference_stats.json.
--- [CRON JOB] Bắt đầu tác vụ cập nhật dữ liệu hàng ngày ---
[DATA UPDATE] Bắt đầu lấy dữ liệu từ GitHub: https://raw.githubusercontent.com/khiemdoan/vietnam-lottery-xsmb-analysis/refs/heads/main/data/xsmb-2-digits.json...
[DATA UPDATE] Đã cập nhật file /Users/chungtv/Desktop/lottery-stats/data/xsmb-2-digits.json thành công.
[CACHE] Xóa cache thống kê...
[CACHE] Đã xóa cache thống kê cũ.
Bắt đầu tính toán thống kê cho Đầu và Đít...
Bắt đầu tính toán thống kê cho Tổng và Hiệu...
Đã xử lý và chuẩn hóa 7368 kết quả hợp lệ.
Bắt đầu tính toán thống kê cho các dạng số...
Tính toán thống kê Đầu Đít Đồng Tiến (10 bộ)...
✅ Đã lưu kết quả thống kê số vào: /Users/chungtv/Desktop/lottery-stats/data/statistics/number_stats.json
✅ Đã lưu kết quả thống kê Đầu-Đít vào: /Users/chungtv/Desktop/lottery-stats/data/statistics/head_tail_stats.json
✅ Đã lưu kết quả thống kê Tổng-Hiệu vào: /Users/chungtv/Desktop/lottery-stats/data/statistics/sum_difference_stats.json
Tất cả các file thống kê đã được tạo lại thành công!
[CACHE] Cache trống, đang đọc dữ liệu thống kê từ file...
[CACHE] Đã nạp thành công dữ liệu statistic mới vào cache.
[CACHE] Đã nạp lại cache thống kê.
[LotteryService] Đang tải dữ liệu thô và thống kê vào cache...
[LotteryService] Đã tải thành công 7368 bản ghi kết quả.
[LotteryService] Đã tải thành công number_stats.json.
[LotteryService] Đã tải thành công head_tail_stats.json.
[LotteryService] Đã tải thành công sum_difference_stats.json.
[ScoringService] Bắt đầu quy trình tính toán và nạp cache điểm...
✅ [ScoringService] Dữ liệu điểm cho 67 ngày trong năm 2026 đã được nạp.
[Daily Analysis] === BẮT ĐẦU ĐỐI CHIẾU LỊCH SỬ ===
[Daily Analysis] Kết quả mới nhất trong CSDL: 2026-03-13, số về: 59
[Daily Analysis] Không tìm thấy dự đoán nào cần cập nhật cho ngày 2026-03-13.
[Daily Analysis] === KẾT THÚC ĐỐI CHIẾU ===
[Daily Analysis] === BẮT ĐẦU PHÂN TÍCH CHO NGÀY TIẾP THEO ===
[Daily Analysis] Đang lấy dữ liệu từ suggestionsController (đồng bộ Distribution)...
[CACHE] Sử dụng dữ liệu statistic từ cache.
[Suggestions] Unable to parse key: luiTienSoLe
[Suggestions] Unable to parse key: cacDauTienLuiSoLe
[Suggestions] Unable to parse key: cacDauLuiTienSoLe
[SUGGESTIONS] Chỉ sử dụng RED và PURPLE tier. Tổng: 169 số.
[SUGGESTIONS] Loại trừ tổng cộng 87 số (red, purple)
[Daily Analysis] Exclusion (4 subTier): 13 số đánh, 87 loại trừ
[Daily Analysis] Đang tạo dự đoán theo phương pháp Unified...
[Unified Prediction] Generating prediction for 14/03/2026...
[CACHE] Sử dụng dữ liệu statistic từ cache.
[CACHE] Sử dụng dữ liệu statistic từ cache.
[Daily Analysis] Unified: 25 số đánh, 75 số loại trừ
[Daily Analysis] Đang tạo dự đoán theo phương pháp Advanced (13 methods)...
[Advanced Analysis] Generating prediction from 13 methods...
[Advanced Analysis] Generated: 25 predictions, 75 exclusions
[Daily Analysis] Advanced: 25 số đánh, 75 số loại trừ
[Daily Analysis] Đang tạo dự đoán theo phương pháp Hybrid AI...
[Hybrid AI] Running Markov Chain...
[Hybrid AI] Running Monte Carlo Simulation...
[Hybrid AI] Running Time Series Analysis...
[Hybrid AI] Running Pattern Recognition...
[Hybrid AI] Generated 25 predictions, 75 exclusions
[Daily Analysis] Hybrid AI: 25 số đánh, 75 số loại trừ
[Daily Analysis] Đang tạo dự đoán theo phương pháp Streak Continuation...
[CACHE] Sử dụng dữ liệu statistic từ cache.
[Streak Continuation] Tìm được 30 số đánh từ 84 chuỗi đang diễn ra (tổng 100 số có thể tiếp tục)
[Daily Analysis] Streak Continuation: 30 số đánh từ 84 chuỗi
[Daily Analysis] Đang tạo dự đoán theo phương pháp Combined (tổng hợp 5 phương pháp)...
[Daily Analysis] Combined: 36 số đánh (unique), 64 số loại trừ
[Daily Analysis] Đang tạo dự đoán theo phương pháp Exclusion Plus...
[Daily Analysis] Exclusion Plus (3 subTier, không có threshold/cam): 15 số đánh, 85 loại trừ
[Daily Analysis] Đã lưu dự đoán cho ngày 2026-03-14.
[Daily Analysis] === KẾT THÚC PHÂN TÍCH ===
[SCORING] Đã tính toán và nạp lại cache điểm.
